All praise to POGO!
Player 00 Turn 00 starting
Player 00 Turn 00 completed successfully
Player 01 Turn 00 starting
Player 01 Turn 00 completed successfully
Player 02 Turn 00 starting
Player 02 Turn 00 completed successfully
Player 03 Turn 00 starting
Player 03 Turn 00 completed successfully
Player 04 Turn 00 starting
Player 04 Turn 00 completed successfully
Player 05 Turn 00 starting
Player 05 Turn 00 completed successfully
Player 06 Turn 00 starting
Player 06 Turn 00 completed successfully
Player 07 Turn 00 starting
Player 07 Turn 00 completed successfully
Player 08 Turn 00 starting
Player 08 Turn 00 completed successfully
Player 09 Turn 00 starting
Player 09 Turn 00 completed successfully
Player 10 Turn 00 starting
Player 10 Turn 00 completed successfully
Update Turn 01 starting
Update Turn 01 completed successfully
Player 01 Turn 01 starting
Player 01 Turn 01 completed successfully
Update Turn 02 starting
Update Turn 02 completed successfully
Player 01 Turn 02 starting
Player 01 Turn 02 completed successfully
Update Turn 03 starting
Update Turn 03 completed successfully
Player 01 Turn 03 starting
Player 01 Turn 03 completed successfully
Player 08 Turn 03 starting
Player 08 Turn 03 completed successfully
Update Turn 04 starting
Update Turn 04 completed successfully
Player 01 Turn 04 starting
Player 01 Turn 04 completed successfully
Player 08 Turn 04 starting
Player 08 Turn 04 completed successfully
Update Turn 05 starting
Update Turn 05 completed successfully
Player 01 Turn 05 starting
Player 01 Turn 05 completed successfully
Update Turn 06 starting
Update Turn 06 completed successfully
Player 01 Turn 06 starting
Player 01 Turn 06 completed successfully
Player 08 Turn 06 starting
Player 08 Turn 06 completed successfully
Update Turn 07 starting
Update Turn 07 completed successfully
Player 01 Turn 07 starting
Player 01 Turn 07 completed successfully
Player 08 Turn 07 starting
Player 08 Turn 07 completed successfully
Update Turn 08 starting
Update Turn 08 completed successfully
Player 01 Turn 08 starting
Player 01 Turn 08 completed successfully
Player 08 Turn 08 starting
Player 08 Turn 08 completed successfully
Update Turn 09 starting
Update Turn 09 completed successfully
Player 01 Turn 09 starting
Player 01 Turn 09 completed successfully
Player 08 Turn 09 starting
Player 08 Turn 09 completed successfully
Update Turn 10 starting
Update Turn 10 completed successfully
Player 01 Turn 10 starting
Player 01 Turn 10 completed successfully
Player 08 Turn 10 starting
Player 08 Turn 10 completed successfully
Update Turn 11 starting
Update Turn 11 completed successfully
Player 01 Turn 11 starting
Player 01 Turn 11 completed successfully
Player 08 Turn 11 starting
Player 08 Turn 11 completed successfully
Update Turn 12 starting
Update Turn 12 completed successfully
Player 01 Turn 12 starting
Player 01 Turn 12 completed successfully
Player 08 Turn 12 starting
Player 08 Turn 12 completed successfully
Update Turn 13 starting
Update Turn 13 completed successfully
Player 01 Turn 13 starting
Player 01 Turn 13 completed successfully
Player 02 Turn 13 starting
Player 02 Turn 13 completed successfully
Player 08 Turn 13 starting
Player 08 Turn 13 completed successfully
Update Turn 14 starting
Update Turn 14 completed successfully
Player 01 Turn 14 starting
Player 01 Turn 14 completed successfully
Player 02 Turn 14 starting
Player 02 Turn 14 completed successfully
Player 08 Turn 14 starting
Player 08 Turn 14 completed successfully
Update Turn 15 starting
Update Turn 15 completed successfully
Player 01 Turn 15 starting
Player 01 Turn 15 completed successfully
Player 02 Turn 15 starting
Player 02 Turn 15 completed successfully
Player 08 Turn 15 starting
Player 08 Turn 15 completed successfully
Update Turn 16 starting
Update Turn 16 completed successfully
Player 01 Turn 16 starting
Player 01 Turn 16 completed successfully
Player 02 Turn 16 starting
Player 02 Turn 16 completed successfully
Player 08 Turn 16 starting
Player 08 Turn 16 completed successfully
Update Turn 99 starting
Update Turn 99 completed successfully
Player 00 Turn 99 starting
Player 00 Turn 99 completed successfully
Player 01 Turn 99 starting
Player 01 Turn 99 completed successfully
