All praise to POGO!
Creating a planet with:

10 continents
continent size: 30
number of islands: 10
average size of islands: 15
spike: 10%
0% of land is mountain (each continent will have 0 mountains)
minimum distance between continents: 2
minimum distance from islands to continents: 1
World dimensions: 64x32


        #*# ...fairland rips open a rift in the datumplane... #*#

seed is 1
placing capitals...
growing continents...
growing islands: 1(29) 2(1) 3(5) 4(3) 5(12) 6(7) 7(16) 8(7) 9(6) 10(16)
elevating land...
designating sectors...
adding resources...
setting coastal flags...
writing to sectors file...

f f f f . % % . . . g g # # g g . . . . . . . . d d d d d . . . 
 f . . f . % % . . g g g g g g g . . . . . . . d # # d d d d . . 
. . . . . % % % % . g g g g g . . . . . . . . . d d d d d . . . 
 . . . % % % % % % . g g g . . . . . . . . . . . d d d . . . . . 
. . . . % % % % . % . . g . . . . e e e . . . . d . . . . . . . 
 . . . . . % % . . . . . . . . . . e . e . . . . . . . . . . . . 
c . . . % % % % . . . . . . . . e e e e e . . . . . . . . . . c 
 c . . . . . . % . . . . . . . e e e e e e . . . . . . c c . . . 
c . . . . b b . . b . . . . . . . # # e e e . . . . . . c c c c 
 c . . . b b . b b b b b . . . . e e e e e . . . % % . . . c c c 
c c . . . b b b # # b . . . . . . . e e e . . . % % . . . c # # 
 c . . . b b b b b b . . . . % . . . . e . . . . % . . . . c c c 
c c . . . . b b b b . . . % % % . . . . . . . . . . . . . . c c 
 c c . . . . b b b b . % % % % % . . . . . . . . . . % % . . . c 
. . . . . . . . . . . . . % % . . . . . . . % % . . % % % . % . 
 . . . . . . . . . . . . . % . . . . . . % % % % . . % % . % % . 
. . . a . . . . . . . . . . . . . . . . . . . % . . . . . % % % 
 a a a a a a . . h h . h . . . . % % % % % . . . . . . . . . . . 
. . a a a a . . h h h h h . . . . % % % % . . . . . . . . . % % 
 . a # # a . . . . h h h h h h . % % % % . . . . . . j j j . % % 
% . a a a a a . . . h h h h h h . % % % . . j j j j j j . . % % 
 . a a a a a a a . . h # # h h h . . . . . . j j j j j . . % % % 
% . a a . a . . . . h h h h . . . . . . i . . . j j # # . . . % 
 % . . . . . . . . . . . . . . . . . . i . . . . j j j j . . % % 
% . . . . . . . . . . . . . . . . . i i . . i . . j j j j . . . 
 . f . . . . . % . . % . . . . . . . i i i i . . . j j j j . . . 
. . f . . . . . . . % % . . . . . . i # # i i . . . . . . . . . 
 . f f . . . . . . . . . . . . . . . i i i i i i . . . . . . . . 
f f f f . . . . . . . . . . . . . . . i i i i i . . d . . . . . 
 f f f f . . . . . . . . . . . . . . . . . i i . . d . . . . . f 
f # # f f . % . . . . . g g g . . . . . . i i . . d d d . . . f 
 f f f f . % % . . g g g g g . . . . . . . i . . d d d d . . . f 

A script for adding all the countries can be found in "sandbox/newcap_script".
